<?xml version="1.0" encoding="utf-8"?><testsuites name="pytest tests"><testsuite name="pytest" errors="0" failures="0" skipped="0" tests="20" time="36.962" timestamp="2026-06-14T23:29:41.635559+03:00" hostname="lo-PC"><testcase classname="tests.test_classifiers" name="test_language_detector_empty" time="1.521" /><testcase classname="tests.test_classifiers" name="test_language_detector_mixed" time="0.006" /><testcase classname="tests.test_classifiers" name="test_language_detector_gibberish" time="0.005" /><testcase classname="tests.test_classifiers" name="test_emotion_classifier_neutral" time="0.601" /><testcase classname="tests.test_classifiers" name="test_emotion_classifier_short_input" time="0.015" /><testcase classname="tests.test_classifiers" name="test_emotion_classifier_batch" time="0.069" /><testcase classname="tests.test_classifiers" name="test_intent_classifier_empty" time="0.680" /><testcase classname="tests.test_classifiers" name="test_intent_classifier_goodbye" time="0.579" /><testcase classname="tests.test_classifiers" name="test_intent_classifier_batch" time="1.374" /><testcase classname="tests.test_endpoints" name="test_chat_happy_path" time="15.218" /><testcase classname="tests.test_endpoints" name="test_chat_missing_message" time="0.005" /><testcase classname="tests.test_endpoints" name="test_feedback_happy_path" time="0.004" /><testcase classname="tests.test_endpoints" name="test_feedback_missing_vote" time="0.004" /><testcase classname="tests.test_endpoints" name="test_health_happy_path" time="0.005" /><testcase classname="tests.test_endpoints" name="test_modules_happy_path" time="0.004" /><testcase classname="tests.test_rag" name="test_rag_happy_path" time="5.697" /><testcase classname="tests.test_rag" name="test_rag_with_sources" time="1.461" /><testcase classname="tests.test_rag" name="test_rag_empty_question" time="0.001" /><testcase classname="tests.test_rag" name="test_rag_emotion_tone" time="1.547" /><testcase classname="tests.test_rag" name="test_rag_non_english" time="1.715" /></testsuite></testsuites>